[2026-04-12 19:40:57] LOADED | Host: C:\WINDOWS\system32\LogonUI.exe
[2026-04-12 19:40:58] UNLOADED | Host: C:\WINDOWS\system32\conhost.exe
[2026-04-12 19:40:59] UNLOADED | Host: C:\WINDOWS\system32\svchost.exe
[2026-04-12 19:40:59] UNLOADED | Host: C:\WINDOWS\system32\svchost.exe
[2026-04-12 19:40:59] UNLOADED | Host: C:\WINDOWS\system32\svchost.exe
[2026-04-12 19:40:59] UNLOADED | Host: C:\WINDOWS\system32\svchost.exe
[2026-04-12 19:40:59] UNLOADED | Host: C:\WINDOWS\system32\svchost.exe
[2026-04-12 19:40:59] UNLOADED | Host: C:\WINDOWS\system32\svchost.exe
[2026-04-12 19:40:59] UNLOADED | Host: C:\WINDOWS\system32\svchost.exe
[2026-04-12 19:40:59] LOADED | Host: C:\WINDOWS\System32\svchost.exe
[2026-04-12 19:40:59] UNLOADED | Host: C:\WINDOWS\system32\svchost.exe
[2026-04-12 19:40:59] LOADED | Host: C:\WINDOWS\System32\SearchProtocolHost.exe
[2026-04-12 19:41:00] LOADED | Host: C:\WINDOWS\system32\wbem\wmiprvse.exe
[2026-04-12 19:41:00] UNLOADED | Host: C:\WINDOWS\system32\svchost.exe
[2026-04-12 19:41:01] UNLOADED | Host: C:\WINDOWS\System32\svchost.exe
[2026-04-12 19:41:01] UNLOADED | Host: C:\WINDOWS\System32\svchost.exe
[2026-04-12 19:41:01] UNLOADED | Host: C:\WINDOWS\system32\svchost.exe
[2026-04-12 19:41:01] UNLOADED | Host: C:\WINDOWS\System32\svchost.exe
[2026-04-12 19:41:01] UNLOADED | Host: C:\WINDOWS\system32\svchost.exe
[2026-04-12 19:41:01] UNLOADED | Host: C:\WINDOWS\system32\svchost.exe
[2026-04-12 19:41:01] UNLOADED | Host: C:\WINDOWS\system32\svchost.exe
[2026-04-12 19:41:01] UNLOADED | Host: C:\WINDOWS\system32\svchost.exe
[2026-04-12 19:41:01] UNLOADED | Host: C:\WINDOWS\system32\svchost.exe
[2026-04-12 19:41:01] UNLOADED | Host: C:\WINDOWS\system32\svchost.exe
[2026-04-12 19:41:01] UNLOADED | Host: C:\WINDOWS\System32\SearchProtocolHost.exe
[2026-04-12 19:41:01] UNLOADED | Host: C:\WINDOWS\system32\svchost.exe
[2026-04-12 19:41:01] UNLOADED | Host: C:\WINDOWS\system32\svchost.exe
[2026-04-12 19:41:01] UNLOADED | Host: C:\WINDOWS\System32\svchost.exe
[2026-04-12 19:41:01] UNLOADED | Host: C:\WINDOWS\system32\svchost.exe
[2026-04-12 19:41:01] UNLOADED | Host: C:\WINDOWS\system32\svchost.exe
[2026-04-12 19:41:01] UNLOADED | Host: C:\WINDOWS\system32\svchost.exe
[2026-04-12 19:41:01] UNLOADED | Host: C:\WINDOWS\System32\svchost.exe
[2026-04-12 19:41:01] UNLOADED | Host: C:\WINDOWS\system32\svchost.exe
[2026-04-12 19:41:01] UNLOADED | Host: C:\WINDOWS\system32\svchost.exe
[2026-04-12 19:41:02] UNLOADED | Host: C:\WINDOWS\system32\SearchIndexer.exe
[2026-04-12 19:41:02] UNLOADED | Host: C:\WINDOWS\system32\svchost.exe
[2026-04-12 19:41:02] UNLOADED | Host: C:\WINDOWS\system32\svchost.exe
[2026-04-12 21:41:34] LOADED | Host: C:\WINDOWS\system32\winlogon.exe
[2026-04-12 21:41:35] LOADED | Host: C:\WINDOWS\system32\svchost.exe
[2026-04-12 21:41:35] LOADED | Host: C:\WINDOWS\system32\svchost.exe
[2026-04-12 21:41:36] LOADED | Host: C:\WINDOWS\system32\LogonUI.exe
[2026-04-12 21:41:36] LOADED | Host: C:\WINDOWS\system32\dwm.exe
[2026-04-12 21:41:36] LOADED | Host: C:\WINDOWS\system32\svchost.exe
[2026-04-12 21:41:36] LOADED | Host: C:\WINDOWS\System32\svchost.exe
[2026-04-12 21:41:36] LOADED | Host: C:\WINDOWS\system32\svchost.exe
[2026-04-12 21:41:36] LOADED | Host: C:\WINDOWS\system32\svchost.exe
[2026-04-12 21:41:36] LOADED | Host: C:\WINDOWS\system32\svchost.exe
[2026-04-12 21:41:36] LOADED | Host: C:\WINDOWS\system32\svchost.exe
[2026-04-12 21:41:36] LOADED | Host: C:\WINDOWS\system32\svchost.exe
[2026-04-12 21:41:36] LOADED | Host: C:\WINDOWS\system32\svchost.exe
[2026-04-12 21:41:36] LOADED | Host: C:\WINDOWS\System32\svchost.exe
[2026-04-12 21:41:36] LOADED | Host: C:\WINDOWS\System32\svchost.exe
[2026-04-12 21:41:36] LOADED | Host: C:\WINDOWS\System32\svchost.exe
[2026-04-12 21:41:36] LOADED | Host: C:\WINDOWS\System32\VBoxService.exe
[2026-04-12 19:41:38] LOADED | Host: C:\WINDOWS\system32\svchost.exe
[2026-04-12 19:41:38] LOADED | Host: C:\WINDOWS\System32\svchost.exe
[2026-04-12 19:41:38] LOADED | Host: C:\WINDOWS\system32\svchost.exe
[2026-04-12 19:41:38] LOADED | Host: C:\WINDOWS\system32\svchost.exe
[2026-04-12 19:41:38] LOADED | Host: C:\WINDOWS\system32\svchost.exe
[2026-04-12 19:41:38] LOADED | Host: C:\WINDOWS\System32\svchost.exe
[2026-04-12 19:41:38] LOADED | Host: C:\WINDOWS\system32\svchost.exe
[2026-04-12 19:41:38] LOADED | Host: C:\WINDOWS\System32\svchost.exe
[2026-04-12 19:41:38] LOADED | Host: C:\WINDOWS\system32\svchost.exe
[2026-04-12 19:41:38] LOADED | Host: C:\WINDOWS\System32\svchost.exe
[2026-04-12 19:41:38] LOADED | Host: C:\WINDOWS\System32\svchost.exe
[2026-04-12 19:41:38] LOADED | Host: C:\WINDOWS\system32\svchost.exe
[2026-04-12 19:41:38] LOADED | Host: C:\WINDOWS\system32\svchost.exe
[2026-04-12 19:41:38] LOADED | Host: C:\WINDOWS\System32\svchost.exe
[2026-04-12 19:41:38] LOADED | Host: C:\WINDOWS\system32\svchost.exe
[2026-04-12 19:41:39] LOADED | Host: C:\WINDOWS\system32\svchost.exe
[2026-04-12 19:41:39] LOADED | Host: C:\WINDOWS\system32\svchost.exe
[2026-04-12 19:41:39] LOADED | Host: C:\WINDOWS\System32\svchost.exe
[2026-04-12 19:41:39] LOADED | Host: C:\WINDOWS\system32\svchost.exe
[2026-04-12 19:41:39] LOADED | Host: C:\WINDOWS\System32\spoolsv.exe
[2026-04-12 19:41:39] LOADED | Host: C:\WINDOWS\System32\svchost.exe
[2026-04-12 19:41:39] LOADED | Host: C:\WINDOWS\System32\svchost.exe
[2026-04-12 19:41:39] LOADED | Host: C:\WINDOWS\System32\svchost.exe
[2026-04-12 19:41:39] LOADED | Host: C:\WINDOWS\system32\svchost.exe
[2026-04-12 19:41:39] LOADED | Host: C:\WINDOWS\System32\svchost.exe
[2026-04-12 19:41:39] UNLOADED | Host: C:\WINDOWS\System32\svchost.exe
[2026-04-12 19:41:39] LOADED | Host: C:\WINDOWS\system32\svchost.exe
[2026-04-12 19:41:40] LOADED | Host: C:\WINDOWS\system32\svchost.exe
[2026-04-12 19:41:40] LOADED | Host: C:\WINDOWS\System32\svchost.exe
[2026-04-12 19:41:40] LOADED | Host: C:\Program Files (x86)\Google\GoogleUpdater\148.0.7730.0\updater.exe
[2026-04-12 19:41:40] LOADED | Host: C:\Program Files (x86)\Google\GoogleUpdater\148.0.7730.0\updater.exe
[2026-04-12 19:41:40] LOADED | Host: C:\WINDOWS\system32\wbem\wmiprvse.exe
[2026-04-12 19:41:40] LOADED | Host: C:\Program Files (x86)\Google\GoogleUpdater\148.0.7730.0\updater.exe
[2026-04-12 19:41:40] LOADED | Host: C:\Program Files (x86)\Google\GoogleUpdater\148.0.7730.0\updater.exe
[2026-04-12 19:41:40] LOADED | Host: C:\WINDOWS\system32\wbem\unsecapp.exe
[2026-04-12 19:41:40] LOADED | Host: C:\Program Files (x86)\Google\GoogleUpdater\148.0.7730.0\updater.exe
[2026-04-12 19:41:40] LOADED | Host: C:\Program Files (x86)\Google\GoogleUpdater\148.0.7730.0\updater.exe
[2026-04-12 19:41:41] LOADED | Host: C:\Program Files (x86)\Google\GoogleUpdater\148.0.7730.0\updater.exe
[2026-04-12 19:41:41] LOADED | Host: C:\Program Files (x86)\Google\GoogleUpdater\148.0.7730.0\updater.exe
[2026-04-12 19:41:41] LOADED | Host: C:\Program Files (x86)\Google\GoogleUpdater\148.0.7730.0\updater.exe
[2026-04-12 19:41:41] LOADED | Host: C:\Program Files (x86)\Google\GoogleUpdater\148.0.7730.0\updater.exe
[2026-04-12 19:41:41] LOADED | Host: C:\WINDOWS\system32\taskhostw.exe
[2026-04-12 19:41:41] LOADED | Host: C:\WINDOWS\system32\dxgiadaptercache.exe
[2026-04-12 19:41:42] UNLOADED | Host: C:\WINDOWS\system32\dxgiadaptercache.exe
[2026-04-12 19:41:43] LOADED | Host: C:\WINDOWS\System32\svchost.exe
[2026-04-12 19:41:43] LOADED | Host: C:\WINDOWS\system32\ctfmon.exe
[2026-04-12 19:41:43] UNLOADED | Host: C:\WINDOWS\system32\taskhostw.exe
[2026-04-12 19:41:46] LOADED | Host: C:\WINDOWS\system32\svchost.exe
[2026-04-12 19:41:46] LOADED | Host: C:\WINDOWS\system32\sihost.exe
[2026-04-12 19:41:46] LOADED | Host: C:\WINDOWS\system32\svchost.exe
[2026-04-12 19:41:46] LOADED | Host: C:\WINDOWS\system32\svchost.exe
[2026-04-12 19:41:46] LOADED | Host: C:\WINDOWS\system32\svchost.exe
[2026-04-12 19:41:46] LOADED | Host: C:\WINDOWS\system32\svchost.exe
[2026-04-12 19:41:46] LOADED | Host: C:\WINDOWS\system32\svchost.exe
[2026-04-12 19:41:46] LOADED | Host: C:\WINDOWS\system32\svchost.exe
[2026-04-12 19:41:46] LOADED | Host: C:\WINDOWS\system32\taskhostw.exe
[2026-04-12 19:41:46] LOADED | Host: C:\WINDOWS\system32\taskhostw.exe
[2026-04-12 19:41:46] LOADED | Host: C:\WINDOWS\system32\taskhostw.exe
[2026-04-12 19:41:46] LOADED | Host: C:\WINDOWS\system32\svchost.exe
[2026-04-12 19:41:47] LOADED | Host: C:\WINDOWS\system32\userinit.exe
[2026-04-12 19:41:47] LOADED | Host: C:\Windows\System32\ShellHost.exe

[2026-04-12 19:41:47] LOADED | Host: C:\WINDOWS\Explorer.EXE
[2026-04-12 19:41:47] LOADED | Host: C:\WINDOWS\system32\svchost.exe
[2026-04-12 19:41:47] LOADED | Host: C:\WINDOWS\System32\svchost.exe
[2026-04-12 19:41:48] LOADED | Host: C:\WINDOWS\system32\rundll32.exe
[2026-04-12 19:41:48] UNLOADED | Host: C:\WINDOWS\system32\taskhostw.exe
[2026-04-12 19:41:48] LOADED | Host: C:\WINDOWS\System32\svchost.exe
[2026-04-12 19:41:49] LOADED | Host: C:\WINDOWS\system32\taskhostw.exe
[2026-04-12 19:41:49] LOADED | Host: C:\Program Files (x86)\Google\GoogleUpdater\148.0.7730.0\updater.exe
[2026-04-12 19:41:49] LOADED | Host: C:\Program Files (x86)\Google\GoogleUpdater\148.0.7730.0\updater.exe
[2026-04-12 19:41:49] LOADED | Host: C:\WINDOWS\system32\svchost.exe
[2026-04-12 19:41:49] LOADED | Host: C:\WINDOWS\System32\svchost.exe
[2026-04-12 19:41:50] LOADED | Host: C:\WINDOWS\system32\svchost.exe
[2026-04-12 19:41:50] LOADED | Host: C:\WINDOWS\system32\DllHost.exe
[2026-04-12 19:41:50] LOADED | Host: C:\WINDOWS\system32\DllHost.exe
[2026-04-12 19:41:51] LOADED | Host: C:\WINDOWS\system32\svchost.exe
[2026-04-12 19:41:52] LOADED | Host: C:\WINDOWS\system32\svchost.exe
[2026-04-12 19:41:54] LOADED | Host: C:\WINDOWS\system32\AUDIODG.EXE
[2026-04-12 19:41:55] UNLOADED | Host: C:\WINDOWS\system32\taskhostw.exe
[2026-04-12 19:41:55] LOADED | Host: C:\WINDOWS\System32\mobsync.exe
[2026-04-12 19:41:56] LOADED | Host: C:\WINDOWS\system32\DllHost.exe
[2026-04-12 19:41:56] LOADED | Host: C:\WINDOWS\system32\ctfmon.exe
[2026-04-12 19:41:58] UNLOADED | Host: C:\WINDOWS\system32\rundll32.exe
[2026-04-12 19:42:05] UNLOADED | Host: C:\WINDOWS\System32\mobsync.exe
[2026-04-12 19:42:08] UNLOADED | Host: C:\WINDOWS\system32\svchost.exe
[2026-04-12 19:42:12] UNLOADED | Host: C:\WINDOWS\system32\userinit.exe
[2026-04-12 19:42:15] LOADED | Host: C:\Windows\System32\smartscreen.exe
[2026-04-12 19:42:15] LOADED | Host: C:\Windows\System32\SecurityHealthSystray.exe
[2026-04-12 19:42:17] LOADED | Host: C:\WINDOWS\system32\wlrmdr.exe
e
[2026-04-12 19:42:17] UNLOADED | Host: C:\WINDOWS\system32\wlrmdr.exe
[2026-04-12 19:42:18] LOADED | Host: C:\WINDOWS\system32\ApplicationFrameHost.exe
[2026-04-12 19:42:19] LOADED | Host: C:\WINDOWS\system32\svchost.exe
[2026-04-12 19:42:20] LOADED | Host: C:\WINDOWS\system32\svchost.exe
[2026-04-12 19:42:20] LOADED | Host: C:\WINDOWS\system32\svchost.exe
[2026-04-12 19:42:20] LOADED | Host: C:\WINDOWS\System32\svchost.exe
[2026-04-12 19:42:20] LOADED | Host: C:\WINDOWS\uus\packages\preview\AMD64\MoUsoCoreWorker.exe
[2026-04-12 19:42:21] LOADED | Host: C:\WINDOWS\System32\svchost.exe
[2026-04-12 19:42:22] LOADED | Host: C:\WINDOWS\uus\packages\preview\AMD64\MoNotificationUx.exe
[2026-04-12 19:42:22] UNLOADED | Host: C:\WINDOWS\uus\packages\preview\AMD64\MoNotificationUx.exe
[2026-04-12 19:42:22] UNLOADED | Host: C:\WINDOWS\system32\taskhostw.exe
[2026-04-12 19:42:23] LOADED | Host: C:\Windows\System32\VBoxTray.exe
[2026-04-12 19:42:23] LOADED | Host: C:\Users\LabAdmin\AppData\Local\Microsoft\OneDrive\OneDrive.exe
[2026-04-12 19:42:25] LOADED | Host: C:\Users\LabAdmin\AppData\Local\Microsoft\OneDrive\26.040.0301.0001\FileCoAuth.exe
[2026-04-12 19:42:25] LOADED | Host: C:\WINDOWS\System32\svchost.exe
[2026-04-12 19:42:25] LOADED | Host: C:\WINDOWS\system32\svchost.exe
[2026-04-12 19:42:25] LOADED | Host: C:\WINDOWS\system32\SearchIndexer.exe
[2026-04-12 19:42:30] LOADED | Host: C:\WINDOWS\system32\svchost.exe
[2026-04-12 19:42:30] UNLOADED | Host: C:\WINDOWS\system32\svchost.exe
[2026-04-12 19:42:31] UNLOADED | Host: C:\Users\LabAdmin\AppData\Local\Microsoft\OneDrive\26.040.0301.0001\FileCoAuth.exe
[2026-04-12 19:42:31] LOADED | Host: C:\WINDOWS\system32\svchost.exe
[2026-04-12 19:42:31] UNLOADED | Host: C:\WINDOWS\system32\svchost.exe
[2026-04-12 19:42:38] LOADED | Host: C:\WINDOWS\system32\dxgiadaptercache.exe
[2026-04-12 19:42:38] UNLOADED | Host: C:\WINDOWS\system32\dxgiadaptercache.exe
[2026-04-12 19:42:39] LOADED | Host: \\?\C:\Windows\System32\SecurityHealth\10.0.29554.1001-0\SecurityHealthHost.exe
[2026-04-12 19:42:39] LOADED | Host: C:\WINDOWS\system32\svchost.exe
[2026-04-12 19:42:39] LOADED | Host: C:\WINDOWS\system32\svchost.exe
[2026-04-12 19:42:39] LOADED | Host: C:\WINDOWS\system32\svchost.exe
[2026-04-12 19:42:44] LOADED | Host: C:\WINDOWS\system32\svchost.exe
[2026-04-12 19:42:44] LOADED | Host: C:\WINDOWS\system32\consent.exe
[2026-04-12 19:42:45] LOADED | Host: C:\WINDOWS\system32\ctfmon.exe
[2026-04-12 19:42:46] UNLOADED | Host: C:\WINDOWS\system32\consent.exe
[2026-04-12 19:42:46] LOADED | Host: \\?\C:\Windows\System32\SecurityHealth\10.0.29554.1001-0\SecurityHealthHost.exe
[2026-04-12 19:42:46] LOADED | Host: \\?\C:\Windows\System32\SecurityHealth\10.0.29554.1001-0\SecurityHealthHost.exe
[2026-04-12 19:42:46] UNLOADED | Host: \\?\C:\Windows\System32\SecurityHealth\10.0.29554.1001-0\SecurityHealthHost.exe
[2026-04-12 19:42:48] LOADED | Host: C:\WINDOWS\system32\taskhostw.exe
[2026-04-12 19:42:56] UNLOADED | Host: \\?\C:\Windows\System32\SecurityHealth\10.0.29554.1001-0\SecurityHealthHost.exe
[2026-04-12 19:42:56] UNLOADED | Host: \\?\C:\Windows\System32\SecurityHealth\10.0.29554.1001-0\SecurityHealthHost.exe
[2026-04-12 19:43:02] LOADED | Host: C:\WINDOWS\System32\rundll32.exe
[2026-04-12 19:43:02] UNLOADED | Host: C:\WINDOWS\System32\rundll32.exe
[2026-04-12 19:43:03] LOADED | Host: C:\WINDOWS\system32\consent.exe
[2026-04-12 19:43:03] LOADED | Host: C:\WINDOWS\system32\ctfmon.exe
[2026-04-12 19:43:05] UNLOADED | Host: C:\WINDOWS\system32\consent.exe
[2026-04-12 19:43:05] LOADED | Host: C:\WINDOWS\system32\conhost.exe
[2026-04-12 19:43:05] LOADED | Host: C:\Windows\System32\WindowsPowerShell\v1.0\powershell.exe
[2026-04-12 19:43:16] UNLOADED | Host: C:\WINDOWS\system32\svchost.exe
[2026-04-12 19:43:34] UNLOADED | Host: C:\WINDOWS\uus\packages\preview\AMD64\MoUsoCoreWorker.exe
[2026-04-12 19:43:38] UNLOADED | Host: C:\WINDOWS\System32\svchost.exe
[2026-04-12 19:43:44] UNLOADED | Host: C:\WINDOWS\system32\svchost.exe
[2026-04-12 19:43:46] LOADED | Host: C:\WINDOWS\system32\svchost.exe
[2026-04-12 19:43:46] LOADED | Host: C:\WINDOWS\system32\svchost.exe
[2026-04-12 19:43:46] LOADED | Host: C:\WINDOWS\system32\lsass.exe
[2026-04-12 19:43:46] LOADED | Host: C:\WINDOWS\System32\svchost.exe
[2026-04-12 19:43:47] UNLOADED | Host: C:\WINDOWS\system32\wbem\wmiprvse.exe
[2026-04-12 19:43:47] LOADED | Host: C:\WINDOWS\System32\svchost.exe
[2026-04-12 19:43:47] LOADED | Host: C:\WINDOWS\system32\svchost.exe
[2026-04-12 19:43:47] LOADED | Host: C:\WINDOWS\system32\wbem\wmiprvse.exe
[2026-04-12 19:43:52] LOADED | Host: \\?\C:\Windows\System32\SecurityHealth\10.0.29554.1001-0\SecurityHealthHost.exe
[2026-04-12 19:43:52] UNLOADED | Host: \\?\C:\Windows\System32\SecurityHealth\10.0.29554.1001-0\SecurityHealthHost.exe
[2026-04-12 19:43:56] UNLOADED | Host: C:\WINDOWS\System32\svchost.exe
[2026-04-12 19:44:17] UNLOADED | Host: C:\WINDOWS\System32\svchost.exe
[2026-04-12 19:44:19] LOADED | Host: C:\Program Files (x86)\Google\GoogleUpdater\148.0.7730.0\updater.exe
[2026-04-12 19:44:19] LOADED | Host: C:\Program Files (x86)\Google\GoogleUpdater\148.0.7730.0\updater.exe
[2026-04-12 19:44:19] LOADED | Host: C:\Program Files (x86)\Google\GoogleUpdater\148.0.7730.0\updater.exe
[2026-04-12 19:44:19] LOADED | Host: C:\Program Files (x86)\Google\GoogleUpdater\148.0.7730.0\updater.exe
[2026-04-12 19:44:19] LOADED | Host: C:\Program Files (x86)\Google\GoogleUpdater\148.0.7730.0\updater.exe
[2026-04-12 19:44:19] LOADED | Host: C:\Program Files (x86)\Google\GoogleUpdater\148.0.7730.0\updater.exe
[2026-04-12 19:44:38] LOADED | Host: C:\WINDOWS\system32\taskhostw.exe
[2026-04-12 19:44:38] LOADED | Host: C:\WINDOWS\system32\wermgr.exe
[2026-04-12 19:44:39] UNLOADED | Host: C:\WINDOWS\system32\wermgr.exe
[2026-04-12 19:44:39] UNLOADED | Host: C:\WINDOWS\system32\taskhostw.exe
[2026-04-12 19:45:01] LOADED | Host: C:\WINDOWS\system32\svchost.exe
[2026-04-12 19:45:01] UNLOADED | Host: C:\WINDOWS\system32\svchost.exe
[2026-04-12 19:45:09] LOADED | Host: C:\WINDOWS\System32\SearchProtocolHost.exe
[2026-04-12 19:45:09] LOADED | Host: C:\WINDOWS\System32\SearchFilterHost.exe
[2026-04-12 19:45:09] LOADED | Host: C:\WINDOWS\System32\SearchFilterHost.exe
[2026-04-12 19:45:39] LOADED | Host: \\?\C:\WINDOWS\system32\wbem\WMIADAP.EXE
[2026-04-12 19:45:39] UNLOADED | Host: C:\WINDOWS\system32\svchost.exe
[2026-04-12 19:46:02] UNLOADED | Host: \\?\C:\WINDOWS\system32\wbem\WMIADAP.EXE
[2026-04-12 19:46:24] LOADED | Host: C:\WINDOWS\system32\taskhostw.exe
[2026-04-12 19:46:25] UNLOADED | Host: C:\WINDOWS\system32\taskhostw.exe
[2026-04-12 19:46:25] UNLOADED | Host: C:\WINDOWS\System32\SearchFilterHost.exe
[2026-04-12 19:46:25] UNLOADED | Host: C:\WINDOWS\System32\SearchFilterHost.exe
[2026-04-12 19:46:35] UNLOADED | Host: C:\WINDOWS\System32\SearchProtocolHost.exe
[2026-04-12 19:46:37] LOADED | Host: C:\WINDOWS\system32\consent.exe
[2026-04-12 19:46:37] LOADED | Host: C:\WINDOWS\system32\ctfmon.exe
[2026-04-12 19:46:38] LOADED | Host: C:\WINDOWS\system32\taskhostw.exe
[2026-04-12 19:46:38] UNLOADED | Host: C:\WINDOWS\system32\taskhostw.exe
[2026-04-12 19:46:39] UNLOADED | Host: C:\WINDOWS\system32\consent.exe
[2026-04-12 19:46:39] LOADED | Host: C:\WINDOWS\regedit.exe
[2026-04-12 19:46:47] LOADED | Host: C:\WINDOWS\system32\taskhostw.exe
[2026-04-12 19:46:47] UNLOADED | Host: C:\WINDOWS\system32\taskhostw.exe
[2026-04-12 19:47:49] LOADED | Host: C:\WINDOWS\system32\svchost.exe
[2026-04-12 19:47:49] UNLOADED | Host: C:\WINDOWS\system32\svchost.exe
[2026-04-12 19:48:20] UNLOADED | Host: C:\WINDOWS\System32\svchost.exe
[2026-04-12 19:49:00] LOADED | Host: C:\WINDOWS\system32\wbem\wmiprvse.exe
[2026-04-12 19:49:06] UNLOADED | Host: C:\WINDOWS\regedit.exe
[2026-04-12 19:49:09] UNLOADED | Host: C:\Windows\System32\WindowsPowerShell\v1.0\powershell.exe
[2026-04-12 19:49:09] UNLOADED | Host: C:\WINDOWS\system32\conhost.exe
[2026-04-12 19:49:21] LOADED | Host: C:\WINDOWS\system32\consent.exe
[2026-04-12 19:49:21] UNLOADED | Host: C:\WINDOWS\system32\consent.exe
[2026-04-12 19:49:22] LOADED | Host: C:\WINDOWS\system32\mmc.exe
[2026-04-12 19:50:30] UNLOADED | Host: C:\WINDOWS\system32\wbem\wmiprvse.exe
[2026-04-12 19:50:35] UNLOADED | Host: C:\WINDOWS\system32\svchost.exe
[2026-04-12 19:50:39] UNLOADED | Host: C:\WINDOWS\system32\svchost.exe
[2026-04-12 19:51:37] UNLOADED | Host: C:\WINDOWS\system32\svchost.exe
[2026-04-12 19:51:46] LOADED | Host: C:\WINDOWS\system32\svchost.exe
[2026-04-12 19:52:16] LOADED | Host: C:\WINDOWS\system32\wbem\wmiprvse.exe
[2026-04-12 19:52:16] LOADED | Host: \\?\C:\Windows\System32\SecurityHealth\10.0.29554.1001-0\SecurityHealthHost.exe
[2026-04-12 19:52:16] UNLOADED | Host: \\?\C:\Windows\System32\SecurityHealth\10.0.29554.1001-0\SecurityHealthHost.exe
[2026-04-12 19:52:16] LOADED | Host: \\?\C:\Windows\System32\SecurityHealth\10.0.29554.1001-0\SecurityHealthHost.exe
[2026-04-12 19:52:16] UNLOADED | Host: \\?\C:\Windows\System32\SecurityHealth\10.0.29554.1001-0\SecurityHealthHost.exe
[2026-04-12 19:52:20] LOADED | Host: C:\WINDOWS\system32\svchost.exe
[2026-04-12 19:53:46] UNLOADED | Host: C:\WINDOWS\system32\wbem\wmiprvse.exe
[2026-04-12 19:54:22] UNLOADED | Host: C:\Windows\System32\smartscreen.exe
[2026-04-12 19:54:53] LOADED | Host: C:\WINDOWS\system32\svchost.exe
[2026-04-12 19:54:53] UNLOADED | Host: C:\WINDOWS\system32\svchost.exe
[2026-04-12 19:55:01] LOADED | Host: C:\WINDOWS\System32\SearchProtocolHost.exe
[2026-04-12 19:55:01] LOADED | Host: C:\WINDOWS\System32\SearchFilterHost.exe
[2026-04-12 19:55:01] LOADED | Host: C:\WINDOWS\System32\SearchFilterHost.exe
[2026-04-12 19:56:20] UNLOADED | Host: C:\WINDOWS\system32\svchost.exe
[2026-04-12 19:56:25] UNLOADED | Host: C:\WINDOWS\System32\SearchFilterHost.exe
[2026-04-12 19:56:25] UNLOADED | Host: C:\WINDOWS\System32\SearchFilterHost.exe
[2026-04-12 19:56:28] UNLOADED | Host: C:\WINDOWS\System32\SearchProtocolHost.exe
[2026-04-12 19:56:39] LOADED | Host: C:\WINDOWS\system32\usoclient.exe
[2026-04-12 19:56:39] LOADED | Host: C:\WINDOWS\uus\packages\preview\AMD64\MoUsoCoreWorker.exe
[2026-04-12 19:56:39] UNLOADED | Host: C:\WINDOWS\system32\usoclient.exe
[2026-04-12 19:56:40] LOADED | Host: C:\WINDOWS\system32\svchost.exe
[2026-04-12 19:56:48] UNLOADED | Host: C:\WINDOWS\system32\taskhostw.exe
[2026-04-12 19:56:59] LOADED | Host: C:\WINDOWS\system32\svchost.exe
[2026-04-12 19:57:23] LOADED | Host: C:\WINDOWS\system32\taskhostw.exe
[2026-04-12 19:57:24] UNLOADED | Host: C:\WINDOWS\system32\taskhostw.exe
[2026-04-12 19:57:40] UNLOADED | Host: C:\WINDOWS\uus\packages\preview\AMD64\MoUsoCoreWorker.exe
[2026-04-12 19:58:42] LOADED | Host: C:\Windows\System32\smartscreen.exe
[2026-04-12 19:58:42] LOADED | Host: C:\WINDOWS\system32\consent.exe
[2026-04-12 19:58:42] LOADED | Host: C:\WINDOWS\system32\ctfmon.exe
[2026-04-12 19:58:42] LOADED | Host: C:\WINDOWS\system32\AUDIODG.EXE
[2026-04-12 19:58:44] UNLOADED | Host: C:\WINDOWS\system32\consent.exe
[2026-04-12 19:58:44] LOADED | Host: C:\WINDOWS\system32\WindowsPowerShell\v1.0\PowerShell_ISE.exe
[2026-04-12 19:58:49] LOADED | Host: C:\WINDOWS\uus\packages\preview\AMD64\MoUsoCoreWorker.exe
[2026-04-12 19:58:49] LOADED | Host: C:\WINDOWS\system32\wbem\wmiprvse.exe
[2026-04-12 19:59:49] UNLOADED | Host: C:\WINDOWS\system32\wbem\wmiprvse.exe
[2026-04-12 19:59:51] UNLOADED | Host: C:\WINDOWS\uus\packages\preview\AMD64\MoUsoCoreWorker.exe
[2026-04-12 20:00:19] UNLOADED | Host: C:\WINDOWS\system32\wbem\wmiprvse.exe
[2026-04-12 20:01:02] LOADED | Host: C:\WINDOWS\system32\DllHost.exe
[2026-04-12 20:01:11] LOADED | Host: C:\WINDOWS\system32\consent.exe
[2026-04-12 20:01:11] LOADED | Host: C:\WINDOWS\system32\ctfmon.exe
[2026-04-12 20:01:14] UNLOADED | Host: C:\WINDOWS\system32\consent.exe
[2026-04-12 20:01:14] LOADED | Host: C:\Users\LabAdmin\AppData\Local\Temp\Procmon64.exe
[2026-04-12 20:01:14] LOADED | Host: C:\WINDOWS\system32\DllHost.exe
[2026-04-12 20:01:19] LOADED | Host: C:\WINDOWS\system32\wbem\wmiprvse.exe
[2026-04-12 20:01:38] LOADED | Host: C:\WINDOWS\system32\svchost.exe
[2026-04-12 20:01:38] LOADED | Host: C:\WINDOWS\system32\svchost.exe
[2026-04-12 20:01:45] LOADED | Host: C:\WINDOWS\system32\consent.exe
[2026-04-12 20:01:45] UNLOADED | Host: C:\WINDOWS\system32\consent.exe
[2026-04-12 20:01:45] LOADED | Host: C:\WINDOWS\system32\mmc.exe
[2026-04-12 20:01:49] UNLOADED | Host: C:\WINDOWS\system32\mmc.exe
[2026-04-12 20:03:05] LOADED | Host: C:\WINDOWS\system32\consent.exe
[2026-04-12 20:03:05] LOADED | Host: C:\WINDOWS\system32\ctfmon.exe
[2026-04-12 20:03:07] UNLOADED | Host: C:\WINDOWS\system32\consent.exe
[2026-04-12 20:03:07] LOADED | Host: C:\WINDOWS\regedit.exe
[2026-04-12 20:03:55] UNLOADED | Host: C:\WINDOWS\regedit.exe
[2026-04-12 20:05:08] LOADED | Host: C:\WINDOWS\system32\DllHost.exe
[2026-04-12 20:05:25] LOADED | Host: C:\WINDOWS\system32\DllHost.exe
[2026-04-12 20:05:26] LOADED | Host: C:\WINDOWS\System32\rundll32.exe
[2026-04-12 20:05:26] UNLOADED | Host: C:\WINDOWS\System32\rundll32.exe
[2026-04-12 20:05:37] LOADED | Host: C:\WINDOWS\system32\DllHost.exe
[2026-04-12 20:05:43] UNLOADED | Host: C:\WINDOWS\system32\svchost.exe
[2026-04-12 20:05:43] LOADED | Host: C:\WINDOWS\system32\DllHost.exe
[2026-04-12 20:05:59] LOADED | Host: C:\WINDOWS\system32\consent.exe
[2026-04-12 20:05:59] LOADED | Host: C:\WINDOWS\system32\ctfmon.exe
[2026-04-12 20:06:00] UNLOADED | Host: C:\WINDOWS\system32\consent.exe
[2026-04-12 20:06:01] LOADED | Host: C:\Tools\Sysinternals\Autoruns64.exe
[2026-04-12 20:06:59] UNLOADED | Host: C:\WINDOWS\system32\svchost.exe
[2026-04-12 20:07:03] UNLOADED | Host: C:\WINDOWS\system32\wbem\wmiprvse.exe
[2026-04-12 20:07:13] UNLOADED | Host: C:\WINDOWS\system32\svchost.exe
[2026-04-12 20:08:57] UNLOADED | Host: C:\WINDOWS\system32\svchost.exe
[2026-04-12 20:10:13] LOADED | Host: C:\WINDOWS\system32\DllHost.exe
[2026-04-12 20:10:15] LOADED | Host: C:\Users\LabAdmin\AppData\Local\Microsoft\OneDrive\26.040.0301.0001\FileCoAuth.exe
[2026-04-12 20:10:40] LOADED | Host: C:\WINDOWS\system32\DllHost.exe
[2026-04-12 20:10:52] LOADED | Host: C:\WINDOWS\system32\DllHost.exe
[2026-04-12 20:11:00] UNLOADED | Host: C:\Windows\System32\smartscreen.exe
[2026-04-12 20:11:07] LOADED | Host: C:\WINDOWS\system32\DllHost.exe
[2026-04-12 20:11:14] LOADED | Host: C:\WINDOWS\system32\DllHost.exe
[2026-04-12 20:11:41] LOADED | Host: C:\WINDOWS\system32\DllHost.exe
[2026-04-12 20:11:59] LOADED | Host: C:\WINDOWS\system32\svchost.exe
[2026-04-12 20:12:06] LOADED | Host: C:\WINDOWS\system32\DllHost.exe
[2026-04-12 20:12:06] LOADED | Host: C:\WINDOWS\system32\taskhostw.exe
[2026-04-12 20:12:06] UNLOADED | Host: C:\WINDOWS\system32\taskhostw.exe
[2026-04-12 20:12:40] LOADED | Host: C:\WINDOWS\system32\DllHost.exe
[2026-04-12 20:12:45] LOADED | Host: C:\WINDOWS\system32\svchost.exe
[2026-04-12 20:12:49] LOADED | Host: C:\Windows\System32\smartscreen.exe
[2026-04-12 20:12:49] LOADED | Host: C:\WINDOWS\system32\consent.exe
[2026-04-12 20:12:50] LOADED | Host: C:\WINDOWS\system32\ctfmon.exe
[2026-04-12 20:12:50] LOADED | Host: C:\WINDOWS\system32\AUDIODG.EXE
[2026-04-12 20:12:51] UNLOADED | Host: C:\WINDOWS\system32\consent.exe
[2026-04-12 20:12:52] LOADED | Host: C:\WINDOWS\system32\conhost.exe
[2026-04-12 20:12:52] LOADED | Host: C:\Windows\System32\WindowsPowerShell\v1.0\powershell.exe
[2026-04-12 20:13:11] LOADED | Host: C:\WINDOWS\system32\DllHost.exe
[2026-04-12 20:13:19] LOADED | Host: C:\WINDOWS\system32\DllHost.exe
[2026-04-12 20:14:03] LOADED | Host: C:\WINDOWS\system32\DllHost.exe
[2026-04-12 20:15:02] LOADED | Host: C:\WINDOWS\system32\taskhostw.exe
[2026-04-12 20:15:02] UNLOADED | Host: C:\WINDOWS\system32\taskhostw.exe
[2026-04-12 20:15:05] LOADED | Host: C:\WINDOWS\system32\DllHost.exe
